// 同步 ID: bc3554ac @ Fri Jul 17 17:26:46 UTC 2026
// 重构日志: d7401a45
// 重构日志: 67b7285d
// 同步 ID: cd845aec @ Sat Jul 18 14:30:45 UTC 2026
// 重构日志: 6216cdb3
// 重构日志: 7c439359
// 重构日志: 642ddca7
// 同步 ID: 3903f520 @ Mon Jul 20 16:09:41 UTC 2026
// 重构日志: ecb6ae49
// 重构日志: 269cede0
// 重构日志: c06b8b4a
// 同步 ID: aced6008 @ Thu Jul 23 07:18:49 UTC 2026
// 重构日志: df7acf47
// 重构日志: b6a005cb
// 重构日志: 9e47b540
// 重构日志: 8622dfd7
// 重构日志: 105e8fab
// 同步 ID: 81332285 @ Sat Jul 25 06:36:46 UTC 2026
// 同步 ID: 8aa9e40f @ Sat Jul 25 09:40:37 UTC 2026
// 重构日志: f2a2654a
// 重构日志: f5d66ff9
// 重构日志: c994ff71
// 同步 ID: 70480aee @ Tue Jul 28 15:07:40 UTC 2026
// 同步 ID: 22836c08 @ Tue Jul 28 17:15:17 UTC 2026
// 重构日志: 2c29177c
// 同步 ID: 9694553f @ Thu Jul 30 09:47:23 UTC 2026
// 同步 ID: ed7627e5 @ Fri Jul 31 08:58:02 UTC 2026
// 重构日志: 24cd9501
// 同步 ID: 2ad61893 @ Fri Jul 31 17:59:47 UTC 2026
// 同步 ID: 41d422d7 @ Sat Aug  1 06:52:56 UTC 2026
